 PhysXCooking_64

 Timestamp is 65fd2840 (Fri Mar 22 15:42:08 2024)

 Preferred load address is 0000000180000000

 Start         Length     Name                   Class
 0001:00000000 00000060H .text$di                CODE
 0001:00000060 00001dc0H .text$mn                CODE
 0001:00001e20 00000036H .text$mn$00             CODE
 0001:00001e56 00000092H .text$x                 CODE
 0002:00000000 00000158H .idata$5                DATA
 0002:00000158 00000038H .00cfg                  DATA
 0002:00000190 00000008H .CRT$XCA                DATA
 0002:00000198 00000030H .CRT$XCU                DATA
 0002:000001c8 00000008H .CRT$XCZ                DATA
 0002:000001d0 00000008H .CRT$XIA                DATA
 0002:000001d8 00000008H .CRT$XIZ                DATA
 0002:000001e0 00000008H .CRT$XPA                DATA
 0002:000001e8 00000008H .CRT$XPZ                DATA
 0002:000001f0 00000008H .CRT$XTA                DATA
 0002:000001f8 00000008H .CRT$XTZ                DATA
 0002:00000200 00000000H .gehcont$y              DATA
 0002:00000200 00000000H .gfids$y                DATA
 0002:00000200 00000400H .rdata                  DATA
 0002:00000600 00000000H .rdata$CastGuardVftablesA DATA
 0002:00000600 00000000H .rdata$CastGuardVftablesC DATA
 0002:00000600 00000074H .rdata$r                DATA
 0002:00000674 00000080H .rdata$voltmd           DATA
 0002:000006f4 000003b4H .rdata$zzzdbg           DATA
 0002:00000aa8 00000008H .rtc$IAA                DATA
 0002:00000ab0 00000008H .rtc$IZZ                DATA
 0002:00000ab8 00000008H .rtc$TAA                DATA
 0002:00000ac0 00000008H .rtc$TZZ                DATA
 0002:00000ac8 000002bcH .xdata                  DATA
 0002:00000d84 00000040H .didat$2                DATA
 0002:00000dc4 00000024H .didat$3                DATA
 0002:00000de8 000000d8H .didat$4                DATA
 0002:00000ec0 00000280H .didat$6                DATA
 0002:00001140 000001f0H .didat$7                DATA
 0002:00001330 00000b04H .edata                  DATA
 0002:00001e34 00000050H .idata$2                DATA
 0002:00001e84 00000014H .idata$3                DATA
 0002:00001e98 00000158H .idata$4                DATA
 0002:00001ff0 00000372H .idata$6                DATA
 0003:00000000 000000b0H .data                   DATA
 0003:000000b0 00000090H .data$r                 DATA
 0003:00000140 00000020H .data$rs                DATA
 0003:00000160 000000e0H .didat$5                DATA
 0003:00000240 00000130H .bss                    DATA
 0004:00000000 000002f4H .pdata                  DATA
 0005:00000000 000000a0H .rsrc$01                DATA
 0005:000000a0 000004b0H .rsrc$02                DATA

  Address         Publics by Value              Rva+Base               Lib:Object

 0000:00000000       __AbsoluteZero             0000000000000000     <absolute>
 0000:00000000       ___safe_se_handler_count   0000000000000000     <absolute>
 0000:00000000       ___safe_se_handler_table   0000000000000000     <absolute>
 0000:00000000       __arm64x_extra_rfe_table   0000000000000000     <absolute>
 0000:00000000       __arm64x_extra_rfe_table_size 0000000000000000     <absolute>
 0000:00000000       __arm64x_native_entrypoint 0000000000000000     <absolute>
 0000:00000000       __arm64x_redirection_metadata 0000000000000000     <absolute>
 0000:00000000       __arm64x_redirection_metadata_count 0000000000000000     <absolute>
 0000:00000000       __dynamic_value_reloc_table 0000000000000000     <absolute>
 0000:00000000       __enclave_config           0000000000000000     <absolute>
 0000:00000000       __guard_check_icall_a64n_fptr 0000000000000000     <absolute>
 0000:00000000       __guard_eh_cont_count      0000000000000000     <absolute>
 0000:00000000       __guard_eh_cont_table      0000000000000000     <absolute>
 0000:00000000       __guard_fids_count         0000000000000000     <absolute>
 0000:00000000       __guard_fids_table         0000000000000000     <absolute>
 0000:00000000       __guard_iat_count          0000000000000000     <absolute>
 0000:00000000       __guard_iat_table          0000000000000000     <absolute>
 0000:00000000       __guard_longjmp_count      0000000000000000     <absolute>
 0000:00000000       __guard_longjmp_table      0000000000000000     <absolute>
 0000:00000000       __hybrid_auxiliary_delayload_iat 0000000000000000     <absolute>
 0000:00000000       __hybrid_auxiliary_delayload_iat_copy 0000000000000000     <absolute>
 0000:00000000       __hybrid_auxiliary_iat     0000000000000000     <absolute>
 0000:00000000       __hybrid_auxiliary_iat_copy 0000000000000000     <absolute>
 0000:00000000       __hybrid_code_map          0000000000000000     <absolute>
 0000:00000000       __hybrid_code_map_count    0000000000000000     <absolute>
 0000:00000000       __hybrid_image_info_bitfield 0000000000000000     <absolute>
 0000:00000000       __x64_code_ranges_to_entry_points 0000000000000000     <absolute>
 0000:00000000       __x64_code_ranges_to_entry_points_count 0000000000000000     <absolute>
 0000:00000100       __guard_flags              0000000000000100     <absolute>
 0000:00000000       __ImageBase                0000000180000000     <linker-defined>
 0001:00000060       ??$copy@V?$PxReflectionAllocator@USlab@NodeAllocator@Gu@physx@@@physx@@@?$PxArray@USlab@NodeAllocator@Gu@physx@@V?$PxReflectionAllocator@USlab@NodeAllocator@Gu@physx@@@4@@physx@@IEAAXAEBV01@@Z 0000000180001060 f i Cooking.obj
 0001:000000e0       ??0AABBTreeBounds@Gu@physx@@QEAA@XZ 00000001800010e0 f i Cooking.obj
 0001:000000f0       ??0AABBTreeBuildNode@Gu@physx@@QEAA@AEBV012@@Z 00000001800010f0 f i Cooking.obj
 0001:000000f0       ??4AABBTreeBuildNode@Gu@physx@@QEAAAEAV012@AEBV012@@Z 00000001800010f0 f i Cooking.obj
 0001:00000130       ??0AABBTreeBuildNode@Gu@physx@@QEAA@XZ 0000000180001130 f i Cooking.obj
 0001:00000130       ??4PxFoundation@physx@@QEAAAEAV01@AEBV01@@Z 0000000180001130 f i Cooking.obj
 0001:00000130       ?getAABB@AABBTreeBuildNode@Gu@physx@@QEBAAEBVPxBounds3@3@XZ 0000000180001130 f i Cooking.obj
 0001:00000140       ??0AABBTreeBuildParams@Gu@physx@@QEAA@IIPEBVAABBTreeBounds@12@W4BVHBuildStrategy@12@@Z 0000000180001140 f i Cooking.obj
 0001:00000160       ??0NodeAllocator@Gu@physx@@QEAA@AEBV012@@Z 0000000180001160 f i Cooking.obj
 0001:000001a0       ??0PxFoundation@physx@@QEAA@AEBV01@@Z 00000001800011a0 f i Cooking.obj
 0001:000001a0       ??0PxFoundation@physx@@QEAA@XZ 00000001800011a0 f i Cooking.obj
 0001:000001b0       ??1AABBTreeBounds@Gu@physx@@QEAA@XZ 00000001800011b0 f i Cooking.obj
 0001:000001c0       ??1AABBTreeBuildNode@Gu@physx@@QEAA@XZ 00000001800011c0 f i Cooking.obj
 0001:000001c0       _guard_check_icall_nop     00000001800011c0 f i MSVCRT:guard_support.obj
 0001:000001d0       ??1AABBTreeBuildParams@Gu@physx@@QEAA@XZ 00000001800011d0 f i Cooking.obj
 0001:000001d0       ?reset@AABBTreeBuildParams@Gu@physx@@QEAAXXZ 00000001800011d0 f i Cooking.obj
 0001:00000220       ??1PxFoundation@physx@@MEAA@XZ 0000000180001220 f i Cooking.obj
 0001:00000230       ??4AABBTreeBounds@Gu@physx@@QEAAAEAV012@AEBV012@@Z 0000000180001230 f i Cooking.obj
 0001:00000240       ??4AABBTreeBuildParams@Gu@physx@@QEAAAEAV012@AEBV012@@Z 0000000180001240 f i Cooking.obj
 0001:00000260       ??4NodeAllocator@Gu@physx@@QEAAAEAV012@AEBV012@@Z 0000000180001260 f i Cooking.obj
 0001:00000310       ??_EPxFoundation@physx@@MEAAPEAXI@Z 0000000180001310 f i Cooking.obj
 0001:000003a0       ??_FAABBTreeBuildParams@Gu@physx@@QEAAXXZ 00000001800013a0 f i Cooking.obj
 0001:000003c0       ?allocate@?$PxArray@USlab@NodeAllocator@Gu@physx@@V?$PxReflectionAllocator@USlab@NodeAllocator@Gu@physx@@@4@@physx@@IEAAPEAUSlab@NodeAllocator@Gu@2@I@Z 00000001800013c0 f i Cooking.obj
 0001:00000450       ?getBounds@AABBTreeBounds@Gu@physx@@QEAAPEAVPxBounds3@3@XZ 0000000180001450 f i Cooking.obj
 0001:00000450       ?getBounds@AABBTreeBounds@Gu@physx@@QEBAPEBVPxBounds3@3@XZ 0000000180001450 f i Cooking.obj
 0001:00000460       ?getNbPrimitives@AABBTreeBuildNode@Gu@physx@@QEBAIXZ 0000000180001460 f i Cooking.obj
 0001:00000460       ?getNbRuntimePrimitives@AABBTreeBuildNode@Gu@physx@@QEBAIXZ 0000000180001460 f i Cooking.obj
 0001:00000470       ?getNeg@AABBTreeBuildNode@Gu@physx@@QEBAPEBV123@XZ 0000000180001470 f i Cooking.obj
 0001:00000490       ?getPos@AABBTreeBuildNode@Gu@physx@@QEBAPEBV123@XZ 0000000180001490 f i Cooking.obj
 0001:000004a0       ?getPrimitives@AABBTreeBuildNode@Gu@physx@@QEAAPEAIPEAI@Z 00000001800014a0 f i Cooking.obj
 0001:000004a0       ?getPrimitives@AABBTreeBuildNode@Gu@physx@@QEBAPEBIPEBI@Z 00000001800014a0 f i Cooking.obj
 0001:000004b0       ?isLeaf@AABBTreeBuildNode@Gu@physx@@QEBA_NXZ 00000001800014b0 f i Cooking.obj
 0001:000004c0       ?moveFrom@AABBTreeBounds@Gu@physx@@QEAAXAEAV123@@Z 00000001800014c0 f i Cooking.obj
 0001:000004d0       ?ownsMemory@AABBTreeBounds@Gu@physx@@QEBA_NXZ 00000001800014d0 f i Cooking.obj
 0001:000004e0       ?recreate@?$PxArray@USlab@NodeAllocator@Gu@physx@@V?$PxReflectionAllocator@USlab@NodeAllocator@Gu@physx@@@4@@physx@@IEAAXI@Z 00000001800014e0 f i Cooking.obj
 0001:00000590       ?setBounds@AABBTreeBounds@Gu@physx@@QEAAXPEAVPxBounds3@3@@Z 0000000180001590 f i Cooking.obj
 0001:000005a0       ?setNbRunTimePrimitives@AABBTreeBuildNode@Gu@physx@@QEAAXI@Z 00000001800015a0 f i Cooking.obj
 0001:000005b0       ?takeOwnership@AABBTreeBounds@Gu@physx@@QEAAXXZ 00000001800015b0 f i Cooking.obj
 0001:000005c0       PxAssembleSoftBodyMesh     00000001800015c0 f   Cooking.obj
 0001:000005d0       PxAssembleSoftBodyMesh_Sim 00000001800015d0 f   Cooking.obj
 0001:000005e0       PxComputeCollisionData     00000001800015e0 f   Cooking.obj
 0001:000005f0       PxComputeHullPolygons      00000001800015f0 f   Cooking.obj
 0001:00000600       PxComputeModelsMapping     0000000180001600 f   Cooking.obj
 0001:00000610       PxComputeSimulationData    0000000180001610 f   Cooking.obj
 0001:00000620       PxCookBVH                  0000000180001620 f   Cooking.obj
 0001:00000630       PxCookConvexMesh           0000000180001630 f   Cooking.obj
 0001:00000640       PxCookHeightField          0000000180001640 f   Cooking.obj
 0001:00000650       PxCookSoftBodyMesh         0000000180001650 f   Cooking.obj
 0001:00000660       PxCookTetrahedronMesh      0000000180001660 f   Cooking.obj
 0001:00000670       PxCookTriangleMesh         0000000180001670 f   Cooking.obj
 0001:00000680       PxCreateBVH                0000000180001680 f   Cooking.obj
 0001:00000690       PxCreateBVHInternal        0000000180001690 f   Cooking.obj
 0001:00000720       PxCreateConvexMesh         0000000180001720 f   Cooking.obj
 0001:00000730       PxCreateHeightField        0000000180001730 f   Cooking.obj
 0001:00000740       PxCreateSoftBodyMesh       0000000180001740 f   Cooking.obj
 0001:00000750       PxCreateTetrahedronMesh    0000000180001750 f   Cooking.obj
 0001:00000760       PxCreateTriangleMesh       0000000180001760 f   Cooking.obj
 0001:00000770       PxCreateTriangleMeshInternal 0000000180001770 f   Cooking.obj
 0001:00000800       PxGetStandaloneInsertionCallback 0000000180001800 f   Cooking.obj
 0001:00000810       PxValidateConvexMesh       0000000180001810 f   Cooking.obj
 0001:00000820       PxValidateTriangleMesh     0000000180001820 f   Cooking.obj
 0001:00000830       ?cookingDelayHook@@YAP6A_JXZIPEAUDelayLoadInfo@@@Z 0000000180001830 f   WindowsCookingDelayLoadHook.obj
 0001:00000910       PxSetPhysXCookingDelayLoadHook 0000000180001910 f   WindowsCookingDelayLoadHook.obj
 0001:00000918       getInsertionCallback       0000000180001918 f   PhysXCommon_64:PhysXCommon_64.dll
 0001:0000091e       __tailMerge_physxcommon_64_dll 000000018000191e     PhysXCommon_64:PhysXCommon_64.dll
 0001:00000997       __imp_load_getInsertionCallback 0000000180001997 f   PhysXCommon_64:PhysXCommon_64.dll
 0001:000009a3       cookBVH                    00000001800019a3 f   PhysXCommon_64:PhysXCommon_64.dll
 0001:000009a9       __imp_load_cookBVH         00000001800019a9 f   PhysXCommon_64:PhysXCommon_64.dll
 0001:000009b5       createBVH                  00000001800019b5 f   PhysXCommon_64:PhysXCommon_64.dll
 0001:000009bb       __imp_load_createBVH       00000001800019bb f   PhysXCommon_64:PhysXCommon_64.dll
 0001:000009c7       cookHeightField            00000001800019c7 f   PhysXCommon_64:PhysXCommon_64.dll
 0001:000009cd       __imp_load_cookHeightField 00000001800019cd f   PhysXCommon_64:PhysXCommon_64.dll
 0001:000009d9       createHeightField          00000001800019d9 f   PhysXCommon_64:PhysXCommon_64.dll
 0001:000009df       __imp_load_createHeightField 00000001800019df f   PhysXCommon_64:PhysXCommon_64.dll
 0001:000009eb       cookConvexMesh             00000001800019eb f   PhysXCommon_64:PhysXCommon_64.dll
 0001:000009f1       __imp_load_cookConvexMesh  00000001800019f1 f   PhysXCommon_64:PhysXCommon_64.dll
 0001:000009fd       createConvexMesh           00000001800019fd f   PhysXCommon_64:PhysXCommon_64.dll
 0001:00000a03       __imp_load_createConvexMesh 0000000180001a03 f   PhysXCommon_64:PhysXCommon_64.dll
 0001:00000a0f       validateConvexMesh         0000000180001a0f f   PhysXCommon_64:PhysXCommon_64.dll
 0001:00000a15       __imp_load_validateConvexMesh 0000000180001a15 f   PhysXCommon_64:PhysXCommon_64.dll
 0001:00000a21       computeHullPolygons        0000000180001a21 f   PhysXCommon_64:PhysXCommon_64.dll
 0001:00000a27       __imp_load_computeHullPolygons 0000000180001a27 f   PhysXCommon_64:PhysXCommon_64.dll
 0001:00000a33       validateTriangleMesh       0000000180001a33 f   PhysXCommon_64:PhysXCommon_64.dll
 0001:00000a39       __imp_load_validateTriangleMesh 0000000180001a39 f   PhysXCommon_64:PhysXCommon_64.dll
 0001:00000a45       createTriangleMesh         0000000180001a45 f   PhysXCommon_64:PhysXCommon_64.dll
 0001:00000a4b       __imp_load_createTriangleMesh 0000000180001a4b f   PhysXCommon_64:PhysXCommon_64.dll
 0001:00000a57       cookTriangleMesh           0000000180001a57 f   PhysXCommon_64:PhysXCommon_64.dll
 0001:00000a5d       __imp_load_cookTriangleMesh 0000000180001a5d f   PhysXCommon_64:PhysXCommon_64.dll
 0001:00000a69       cookTetrahedronMesh        0000000180001a69 f   PhysXCommon_64:PhysXCommon_64.dll
 0001:00000a6f       __imp_load_cookTetrahedronMesh 0000000180001a6f f   PhysXCommon_64:PhysXCommon_64.dll
 0001:00000a7b       createTetrahedronMesh      0000000180001a7b f   PhysXCommon_64:PhysXCommon_64.dll
 0001:00000a81       __imp_load_createTetrahedronMesh 0000000180001a81 f   PhysXCommon_64:PhysXCommon_64.dll
 0001:00000a8d       cookSoftBodyMesh           0000000180001a8d f   PhysXCommon_64:PhysXCommon_64.dll
 0001:00000a93       __imp_load_cookSoftBodyMesh 0000000180001a93 f   PhysXCommon_64:PhysXCommon_64.dll
 0001:00000a9f       createSoftBodyMesh         0000000180001a9f f   PhysXCommon_64:PhysXCommon_64.dll
 0001:00000aa5       __imp_load_createSoftBodyMesh 0000000180001aa5 f   PhysXCommon_64:PhysXCommon_64.dll
 0001:00000ab1       computeModelsMapping       0000000180001ab1 f   PhysXCommon_64:PhysXCommon_64.dll
 0001:00000ab7       __imp_load_computeModelsMapping 0000000180001ab7 f   PhysXCommon_64:PhysXCommon_64.dll
 0001:00000ac3       computeCollisionData       0000000180001ac3 f   PhysXCommon_64:PhysXCommon_64.dll
 0001:00000ac9       __imp_load_computeCollisionData 0000000180001ac9 f   PhysXCommon_64:PhysXCommon_64.dll
 0001:00000ad5       computeSimulationData      0000000180001ad5 f   PhysXCommon_64:PhysXCommon_64.dll
 0001:00000adb       __imp_load_computeSimulationData 0000000180001adb f   PhysXCommon_64:PhysXCommon_64.dll
 0001:00000ae7       assembleSoftBodyMesh       0000000180001ae7 f   PhysXCommon_64:PhysXCommon_64.dll
 0001:00000aed       __imp_load_assembleSoftBodyMesh 0000000180001aed f   PhysXCommon_64:PhysXCommon_64.dll
 0001:00000af9       assembleSoftBodyMesh_Sim   0000000180001af9 f   PhysXCommon_64:PhysXCommon_64.dll
 0001:00000aff       __imp_load_assembleSoftBodyMesh_Sim 0000000180001aff f   PhysXCommon_64:PhysXCommon_64.dll
 0001:00000b0b       ?release@AABBTreeBounds@Gu@physx@@QEAAXXZ 0000000180001b0b f   PhysXCommon_64:PhysXCommon_64.dll
 0001:00000b11       __imp_load_?release@AABBTreeBounds@Gu@physx@@QEAAXXZ 0000000180001b11 f   PhysXCommon_64:PhysXCommon_64.dll
 0001:00000b1d       ??0BVH@Gu@physx@@QEAA@AEBUPxBVHInternalData@2@@Z 0000000180001b1d f   PhysXCommon_64:PhysXCommon_64.dll
 0001:00000b23       __imp_load_??0BVH@Gu@physx@@QEAA@AEBUPxBVHInternalData@2@@Z 0000000180001b23 f   PhysXCommon_64:PhysXCommon_64.dll
 0001:00000b2f       ??0BV4TriangleMesh@Gu@physx@@QEAA@AEBUPxTriangleMeshInternalData@2@@Z 0000000180001b2f f   PhysXCommon_64:PhysXCommon_64.dll
 0001:00000b35       __imp_load_??0BV4TriangleMesh@Gu@physx@@QEAA@AEBUPxTriangleMeshInternalData@2@@Z 0000000180001b35 f   PhysXCommon_64:PhysXCommon_64.dll
 0001:00000b41       PxGetBroadcastAllocator    0000000180001b41 f   PhysXFoundation_64:PhysXFoundation_64.dll
 0001:00000b47       __tailMerge_physxfoundation_64_dll 0000000180001b47     PhysXFoundation_64:PhysXFoundation_64.dll
 0001:00000bc0       __imp_load_PxGetBroadcastAllocator 0000000180001bc0 f   PhysXFoundation_64:PhysXFoundation_64.dll
 0001:00000bcc       ?DloadAcquireSectionWriteAccess@@YAXXZ 0000000180001bcc f i Delayimp:delayhlp.obj
 0001:00000c78       ?DloadGetSRWLockFunctionPointers@@YAEXZ 0000000180001c78 f i Delayimp:delayhlp.obj
 0001:00000d18       ?DloadMakePermanentImageCommit@@YAXPEAX_K@Z 0000000180001d18 f i Delayimp:delayhlp.obj
 0001:00000db0       ?DloadObtainSection@@YAPEAXPEAK0@Z 0000000180001db0 f i Delayimp:delayhlp.obj
 0001:00000e4c       ?DloadProtectSection@@YAXKPEAK@Z 0000000180001e4c f i Delayimp:delayhlp.obj
 0001:00000edc       ?DloadReleaseSectionWriteAccess@@YAXXZ 0000000180001edc f i Delayimp:delayhlp.obj
 0001:00000f70       __delayLoadHelper2         0000000180001f70 f   Delayimp:delayhlp.obj
 0001:00001248       ??3@YAXPEAX@Z              0000000180002248 f   MSVCRT:delete_scalar.obj
 0001:00001250       ??3@YAXPEAX_K@Z            0000000180002250 f   MSVCRT:delete_scalar_size.obj
 0001:00001250       ??_V@YAXPEAX@Z             0000000180002250 f   MSVCRT:delete_array.obj
 0001:00001258       ??_V@YAXPEAX_K@Z           0000000180002258 f   MSVCRT:delete_array_size.obj
 0001:00001260       ??_Etype_info@@UEAAPEAXI@Z 0000000180002260 f i MSVCRT:std_type_info_static.obj
 0001:00001260       ??_Gtype_info@@UEAAPEAXI@Z 0000000180002260 f i MSVCRT:std_type_info_static.obj
 0001:0000128c       ?__scrt_initialize_type_info@@YAXXZ 000000018000228c f   MSVCRT:tncleanup.obj
 0001:0000129c       ?__scrt_uninitialize_type_info@@YAXXZ 000000018000229c f   MSVCRT:tncleanup.obj
 0001:000015c4       _DllMainCRTStartup         00000001800025c4 f   MSVCRT:dll_dllmain.obj
 0001:00001604       __security_init_cookie     0000000180002604 f   MSVCRT:gs_support.obj
 0001:000016b0       DllMain                    00000001800026b0 f   MSVCRT:dll_dllmain_stub.obj
 0001:000016d4       __local_stdio_printf_options 00000001800026d4 f i MSVCRT:default_local_stdio_options.obj
 0001:000016dc       __local_stdio_scanf_options 00000001800026dc f i MSVCRT:default_local_stdio_options.obj
 0001:000016e4       __scrt_initialize_default_local_stdio_options 00000001800026e4 f   MSVCRT:default_local_stdio_options.obj
 0001:00001700       __scrt_acquire_startup_lock 0000000180002700 f   MSVCRT:utility.obj
 0001:0000173c       __scrt_dllmain_after_initialize_c 000000018000273c f   MSVCRT:utility.obj
 0001:00001770       __scrt_dllmain_before_initialize_c 0000000180002770 f   MSVCRT:utility.obj
 0001:00001788       __scrt_dllmain_crt_thread_attach 0000000180002788 f   MSVCRT:utility.obj
 0001:000017b0       __scrt_dllmain_crt_thread_detach 00000001800027b0 f   MSVCRT:utility.obj
 0001:000017c8       __scrt_dllmain_exception_filter 00000001800027c8 f   MSVCRT:utility.obj
 0001:00001828       __scrt_dllmain_uninitialize_c 0000000180002828 f   MSVCRT:utility.obj
 0001:00001858       __scrt_dllmain_uninitialize_critical 0000000180002858 f   MSVCRT:utility.obj
 0001:0000186c       __scrt_initialize_crt      000000018000286c f   MSVCRT:utility.obj
 0001:000018a8       __scrt_initialize_onexit_tables 00000001800028a8 f   MSVCRT:utility.obj
 0001:00001934       __scrt_is_nonwritable_in_current_image 0000000180002934 f   MSVCRT:utility.obj
 0001:000019cc       __scrt_release_startup_lock 00000001800029cc f   MSVCRT:utility.obj
 0001:000019f0       __scrt_uninitialize_crt    00000001800029f0 f   MSVCRT:utility.obj
 0001:00001a1c       __scrt_get_dyn_tls_init_callback 0000000180002a1c f   MSVCRT:dyn_tls_init.obj
 0001:00001a24       __crt_debugger_hook        0000000180002a24 f   MSVCRT:utility_desktop.obj
 0001:00001a2c       __scrt_fastfail            0000000180002a2c f   MSVCRT:utility_desktop.obj
 0001:00001b74       _RTC_Initialize            0000000180002b74 f   MSVCRT:initsect.obj
 0001:00001bb0       _RTC_Terminate             0000000180002bb0 f   MSVCRT:initsect.obj
 0001:00001bf0       __isa_available_init       0000000180002bf0 f   MSVCRT:cpu_disp.obj
 0001:00001d9c       _get_startup_argv_mode     0000000180002d9c f   MSVCRT:argv_mode.obj
 0001:00001da4       __scrt_is_ucrt_dll_in_use  0000000180002da4 f   MSVCRT:ucrt_detection.obj
 0001:00001db0       _purecall                  0000000180002db0 f   vcruntime:VCRUNTIME140.dll
 0001:00001db6       __std_type_info_name       0000000180002db6 f   vcruntime:VCRUNTIME140.dll
 0001:00001dbc       strstr                     0000000180002dbc f   vcruntime:VCRUNTIME140.dll
 0001:00001dc2       __std_type_info_destroy_list 0000000180002dc2 f   vcruntime:VCRUNTIME140.dll
 0001:00001dc8       __C_specific_handler       0000000180002dc8 f   vcruntime:VCRUNTIME140.dll
 0001:00001dce       memset                     0000000180002dce f   vcruntime:VCRUNTIME140.dll
 0001:00001dd4       memcpy                     0000000180002dd4 f   vcruntime:VCRUNTIME140.dll
 0001:00001dda       free                       0000000180002dda f   ucrt:api-ms-win-crt-heap-l1-1-0.dll
 0001:00001de0       _initterm                  0000000180002de0 f   ucrt:api-ms-win-crt-runtime-l1-1-0.dll
 0001:00001de6       _initterm_e                0000000180002de6 f   ucrt:api-ms-win-crt-runtime-l1-1-0.dll
 0001:00001dec       _seh_filter_dll            0000000180002dec f   ucrt:api-ms-win-crt-runtime-l1-1-0.dll
 0001:00001df2       _configure_narrow_argv     0000000180002df2 f   ucrt:api-ms-win-crt-runtime-l1-1-0.dll
 0001:00001df8       _initialize_narrow_environment 0000000180002df8 f   ucrt:api-ms-win-crt-runtime-l1-1-0.dll
 0001:00001dfe       _initialize_onexit_table   0000000180002dfe f   ucrt:api-ms-win-crt-runtime-l1-1-0.dll
 0001:00001e04       _execute_onexit_table      0000000180002e04 f   ucrt:api-ms-win-crt-runtime-l1-1-0.dll
 0001:00001e0a       _cexit                     0000000180002e0a f   ucrt:api-ms-win-crt-runtime-l1-1-0.dll
 0001:00001e10       __acrt_initialize          0000000180002e10 f   MSVCRT:ucrt_stubs.obj
 0001:00001e10       __acrt_thread_attach       0000000180002e10 f   MSVCRT:ucrt_stubs.obj
 0001:00001e10       __acrt_thread_detach       0000000180002e10 f   MSVCRT:ucrt_stubs.obj
 0001:00001e10       __acrt_uninitialize        0000000180002e10 f   MSVCRT:ucrt_stubs.obj
 0001:00001e10       __acrt_uninitialize_critical 0000000180002e10 f   MSVCRT:ucrt_stubs.obj
 0001:00001e10       __scrt_stub_for_acrt_initialize 0000000180002e10 f   MSVCRT:ucrt_stubs.obj
 0001:00001e10       __scrt_stub_for_acrt_thread_attach 0000000180002e10 f   MSVCRT:ucrt_stubs.obj
 0001:00001e10       __scrt_stub_for_acrt_thread_detach 0000000180002e10 f   MSVCRT:ucrt_stubs.obj
 0001:00001e10       __scrt_stub_for_acrt_uninitialize 0000000180002e10 f   MSVCRT:ucrt_stubs.obj
 0001:00001e10       __scrt_stub_for_acrt_uninitialize_critical 0000000180002e10 f   MSVCRT:ucrt_stubs.obj
 0001:00001e10       __vcrt_initialize          0000000180002e10 f   MSVCRT:ucrt_stubs.obj
 0001:00001e10       __vcrt_thread_attach       0000000180002e10 f   MSVCRT:ucrt_stubs.obj
 0001:00001e10       __vcrt_thread_detach       0000000180002e10 f   MSVCRT:ucrt_stubs.obj
 0001:00001e10       __vcrt_uninitialize        0000000180002e10 f   MSVCRT:ucrt_stubs.obj
 0001:00001e10       __vcrt_uninitialize_critical 0000000180002e10 f   MSVCRT:ucrt_stubs.obj
 0001:00001e14       __scrt_stub_for_is_c_termination_complete 0000000180002e14 f   MSVCRT:ucrt_stubs.obj
 0001:00001e14       _is_c_termination_complete 0000000180002e14 f   MSVCRT:ucrt_stubs.obj
 0001:00001e30       _guard_dispatch_icall_nop  0000000180002e30 f   MSVCRT:guard_dispatch.obj
 0001:00001e50       _guard_xfg_dispatch_icall_nop 0000000180002e50 f   MSVCRT:guard_xfg_dispatch.obj
 0002:00000000       __imp_LoadLibraryA         0000000180003000     kernel32:KERNEL32.dll
 0002:00000008       __imp_SetUnhandledExceptionFilter 0000000180003008     kernel32:KERNEL32.dll
 0002:00000010       __imp_UnhandledExceptionFilter 0000000180003010     kernel32:KERNEL32.dll
 0002:00000018       __imp_IsDebuggerPresent    0000000180003018     kernel32:KERNEL32.dll
 0002:00000020       __imp_RtlVirtualUnwind     0000000180003020     kernel32:KERNEL32.dll
 0002:00000028       __imp_RtlLookupFunctionEntry 0000000180003028     kernel32:KERNEL32.dll
 0002:00000030       __imp_RtlCaptureContext    0000000180003030     kernel32:KERNEL32.dll
 0002:00000038       __imp_DisableThreadLibraryCalls 0000000180003038     kernel32:KERNEL32.dll
 0002:00000040       __imp_GetSystemTimeAsFileTime 0000000180003040     kernel32:KERNEL32.dll
 0002:00000048       __imp_GetCurrentThreadId   0000000180003048     kernel32:KERNEL32.dll
 0002:00000050       __imp_GetCurrentProcessId  0000000180003050     kernel32:KERNEL32.dll
 0002:00000058       __imp_QueryPerformanceCounter 0000000180003058     kernel32:KERNEL32.dll
 0002:00000060       __imp_InitializeSListHead  0000000180003060     kernel32:KERNEL32.dll
 0002:00000068       __imp_LoadLibraryExA       0000000180003068     kernel32:KERNEL32.dll
 0002:00000070       __imp_GetProcAddress       0000000180003070     kernel32:KERNEL32.dll
 0002:00000078       __imp_GetModuleHandleW     0000000180003078     kernel32:KERNEL32.dll
 0002:00000080       __imp_FreeLibrary          0000000180003080     kernel32:KERNEL32.dll
 0002:00000088       __imp_VirtualQuery         0000000180003088     kernel32:KERNEL32.dll
 0002:00000090       __imp_VirtualProtect       0000000180003090     kernel32:KERNEL32.dll
 0002:00000098       __imp_GetSystemInfo        0000000180003098     kernel32:KERNEL32.dll
 0002:000000a0       __imp_GetLastError         00000001800030a0     kernel32:KERNEL32.dll
 0002:000000a8       __imp_RaiseException       00000001800030a8     kernel32:KERNEL32.dll
 0002:000000b0       __imp_IsProcessorFeaturePresent 00000001800030b0     kernel32:KERNEL32.dll
 0002:000000b8       \177KERNEL32_NULL_THUNK_DATA 00000001800030b8     kernel32:KERNEL32.dll
 0002:000000c0       __imp___C_specific_handler 00000001800030c0     vcruntime:VCRUNTIME140.dll
 0002:000000c8       __imp__purecall            00000001800030c8     vcruntime:VCRUNTIME140.dll
 0002:000000d0       __imp___std_type_info_name 00000001800030d0     vcruntime:VCRUNTIME140.dll
 0002:000000d8       __imp_strstr               00000001800030d8     vcruntime:VCRUNTIME140.dll
 0002:000000e0       __imp___std_type_info_destroy_list 00000001800030e0     vcruntime:VCRUNTIME140.dll
 0002:000000e8       __imp_memset               00000001800030e8     vcruntime:VCRUNTIME140.dll
 0002:000000f0       __imp_memcpy               00000001800030f0     vcruntime:VCRUNTIME140.dll
 0002:000000f8       \177VCRUNTIME140_NULL_THUNK_DATA 00000001800030f8     vcruntime:VCRUNTIME140.dll
 0002:00000100       __imp_free                 0000000180003100     ucrt:api-ms-win-crt-heap-l1-1-0.dll
 0002:00000108       \177api-ms-win-crt-heap-l1-1-0_NULL_THUNK_DATA 0000000180003108     ucrt:api-ms-win-crt-heap-l1-1-0.dll
 0002:00000110       __imp__initterm            0000000180003110     ucrt:api-ms-win-crt-runtime-l1-1-0.dll
 0002:00000118       __imp__initterm_e          0000000180003118     ucrt:api-ms-win-crt-runtime-l1-1-0.dll
 0002:00000120       __imp__seh_filter_dll      0000000180003120     ucrt:api-ms-win-crt-runtime-l1-1-0.dll
 0002:00000128       __imp__configure_narrow_argv 0000000180003128     ucrt:api-ms-win-crt-runtime-l1-1-0.dll
 0002:00000130       __imp__initialize_narrow_environment 0000000180003130     ucrt:api-ms-win-crt-runtime-l1-1-0.dll
 0002:00000138       __imp__initialize_onexit_table 0000000180003138     ucrt:api-ms-win-crt-runtime-l1-1-0.dll
 0002:00000140       __imp__execute_onexit_table 0000000180003140     ucrt:api-ms-win-crt-runtime-l1-1-0.dll
 0002:00000148       __imp__cexit               0000000180003148     ucrt:api-ms-win-crt-runtime-l1-1-0.dll
 0002:00000150       \177api-ms-win-crt-runtime-l1-1-0_NULL_THUNK_DATA 0000000180003150     ucrt:api-ms-win-crt-runtime-l1-1-0.dll
 0002:00000158       __guard_check_icall_fptr   0000000180003158     MSVCRT:guard_support.obj
 0002:00000160       __guard_xfg_check_icall_fptr 0000000180003160     MSVCRT:guard_support.obj
 0002:00000168       __guard_dispatch_icall_fptr 0000000180003168     MSVCRT:guard_support.obj
 0002:00000170       __guard_xfg_dispatch_icall_fptr 0000000180003170     MSVCRT:guard_support.obj
 0002:00000178       __guard_xfg_table_dispatch_icall_fptr 0000000180003178     MSVCRT:guard_support.obj
 0002:00000180       __castguard_check_failure_os_handled_fptr 0000000180003180     MSVCRT:guard_support.obj
 0002:00000188       __guard_memcpy_fptr        0000000180003188     vcruntime:softmemtag.obj
 0002:00000190       __xc_a                     0000000180003190     MSVCRT:initializers.obj
 0002:000001c8       __xc_z                     00000001800031c8     MSVCRT:initializers.obj
 0002:000001d0       __xi_a                     00000001800031d0     MSVCRT:initializers.obj
 0002:000001d8       __xi_z                     00000001800031d8     MSVCRT:initializers.obj
 0002:000001e0       __xp_a                     00000001800031e0     MSVCRT:initializers.obj
 0002:000001e8       __xp_z                     00000001800031e8     MSVCRT:initializers.obj
 0002:000001f0       __xt_a                     00000001800031f0     MSVCRT:initializers.obj
 0002:000001f8       __xt_z                     00000001800031f8     MSVCRT:initializers.obj
 0002:00000220       ??_7PxFoundation@physx@@6B@ 0000000180003220     Cooking.obj
 0002:00000290       ??_C@_0EF@KOMKGELO@E?3?2VisualStudio?2PhysX?9main?2phys@ 0000000180003290     Cooking.obj
 0002:000002d8       ??_C@_0DO@JEOJIOLB@E?3?2VisualStudio?2PhysX?9main?2phys@ 00000001800032d8     Cooking.obj
 0002:00000318       ??_C@_0BM@OIFKLHDN@?$DMallocation?5names?5disabled?$DO@ 0000000180003318     Cooking.obj
 0002:00000340       __xmm@000000003a83126f3a83126f3a83126f 0000000180003340     Cooking.obj
 0002:00000350       __xmm@00000000ba83126fba83126fba83126f 0000000180003350     Cooking.obj
 0002:00000360       __xmm@3a83126f3a83126f3a83126f3a83126f 0000000180003360     Cooking.obj
 0002:00000370       __xmm@ba83126fba83126fba83126fba83126f 0000000180003370     Cooking.obj
 0002:00000380       ??_C@_0BA@EGLNOO@PhysXFoundation@ 0000000180003380     WindowsCookingDelayLoadHook.obj
 0002:00000390       ??_C@_0M@ILKNCJKN@PhysXCommon@ 0000000180003390     WindowsCookingDelayLoadHook.obj
 0002:000003a0       __sz_PhysXCommon_64_dll    00000001800033a0     PhysXCommon_64:PhysXCommon_64.dll
 0002:000003c0       __sz_PhysXFoundation_64_dll 00000001800033c0     PhysXFoundation_64:PhysXFoundation_64.dll
 0002:000003d8       ??_C@_1BK@DBDEIDLH@?$AAK?$AAE?$AAR?$AAN?$AAE?$AAL?$AA3?$AA2?$AA?4?$AAD?$AAL?$AAL@ 00000001800033d8     Delayimp:delayhlp.obj
 0002:000003f8       ??_C@_0BI@OMNLIJDB@AcquireSRWLockExclusive@ 00000001800033f8     Delayimp:delayhlp.obj
 0002:00000410       ??_C@_0BI@HMIEPCNJ@ReleaseSRWLockExclusive@ 0000000180003410     Delayimp:delayhlp.obj
 0002:00000428       __pfnDliFailureHook2       0000000180003428     Delayimp:delayhk1.obj
 0002:00000438       ??_7type_info@@6B@         0000000180003438     MSVCRT:std_type_info_static.obj
 0002:00000440       _pDefaultRawDllMain        0000000180003440     MSVCRT:dll_dllmain.obj
 0002:00000440       _pRawDllMain               0000000180003440     MSVCRT:dll_dllmain.obj
 0002:00000450       _load_config_used          0000000180003450     MSVCRT:loadcfg.obj
 0002:00000590       __xmm@ffffffffffffffffffffffffffffffff 0000000180003590     MSVCRT:utility.obj
 0002:00000600       ??_R4type_info@@6B@        0000000180003600     MSVCRT:std_type_info_static.obj
 0002:00000628       ??_R3type_info@@8          0000000180003628     MSVCRT:std_type_info_static.obj
 0002:00000640       ??_R2type_info@@8          0000000180003640     MSVCRT:std_type_info_static.obj
 0002:00000650       ??_R1A@?0A@EA@type_info@@8 0000000180003650     MSVCRT:std_type_info_static.obj
 0002:00000674       __volatile_metadata        0000000180003674     <linker-defined>
 0002:00000aa8       __rtc_iaa                  0000000180003aa8     MSVCRT:initsect.obj
 0002:00000ab0       __rtc_izz                  0000000180003ab0     MSVCRT:initsect.obj
 0002:00000ab8       __rtc_taa                  0000000180003ab8     MSVCRT:initsect.obj
 0002:00000ac0       __rtc_tzz                  0000000180003ac0     MSVCRT:initsect.obj
 0002:00000d84       __DELAY_IMPORT_DESCRIPTOR_physxcommon_64_dll 0000000180003d84     PhysXCommon_64:PhysXCommon_64.dll
 0002:00000da4       __DELAY_IMPORT_DESCRIPTOR_physxfoundation_64_dll 0000000180003da4     PhysXFoundation_64:PhysXFoundation_64.dll
 0002:00000dc4       __NULL_DELAY_IMPORT_DESCRIPTOR 0000000180003dc4     PhysXCommon_64:PhysXCommon_64.dll
 0002:00000ea8       \177PhysXCommon_64_NULL_THUNK_DATA_DLN 0000000180003ea8     PhysXCommon_64:PhysXCommon_64.dll
 0002:00000eb8       \177PhysXFoundation_64_NULL_THUNK_DATA_DLN 0000000180003eb8     PhysXFoundation_64:PhysXFoundation_64.dll
 0002:00001148       \177PhysXCommon_64_NULL_THUNK_DATA_DLB 0000000180004148     PhysXCommon_64:PhysXCommon_64.dll
 0002:00001210       \177PhysXFoundation_64_NULL_THUNK_DATA_DLB 0000000180004210     PhysXFoundation_64:PhysXFoundation_64.dll
 0002:00001e34       __IMPORT_DESCRIPTOR_KERNEL32 0000000180004e34     kernel32:KERNEL32.dll
 0002:00001e48       __IMPORT_DESCRIPTOR_VCRUNTIME140 0000000180004e48     vcruntime:VCRUNTIME140.dll
 0002:00001e5c       __IMPORT_DESCRIPTOR_api-ms-win-crt-heap-l1-1-0 0000000180004e5c     ucrt:api-ms-win-crt-heap-l1-1-0.dll
 0002:00001e70       __IMPORT_DESCRIPTOR_api-ms-win-crt-runtime-l1-1-0 0000000180004e70     ucrt:api-ms-win-crt-runtime-l1-1-0.dll
 0002:00001e84       __NULL_IMPORT_DESCRIPTOR   0000000180004e84     kernel32:KERNEL32.dll
 0003:00000000       __pfnDliNotifyHook2        0000000180006000     WindowsCookingDelayLoadHook.obj
 0003:00000008       _fltused                   0000000180006008     MSVCRT:fltused.obj
 0003:0000000c       __scrt_native_dllmain_reason 000000018000600c     MSVCRT:utility.obj
 0003:00000040       __security_cookie          0000000180006040     MSVCRT:gs_cookie.obj
 0003:00000080       __security_cookie_complement 0000000180006080     MSVCRT:gs_cookie.obj
 0003:00000090       __isa_available            0000000180006090     MSVCRT:cpu_disp.obj
 0003:00000094       __isa_enabled              0000000180006094     MSVCRT:cpu_disp.obj
 0003:00000098       __memset_fast_string_threshold 0000000180006098     MSVCRT:cpu_disp.obj
 0003:000000a0       __memset_nt_threshold      00000001800060a0     MSVCRT:cpu_disp.obj
 0003:000000a8       __scrt_ucrt_dll_is_in_use  00000001800060a8     MSVCRT:ucrt_stubs.obj
 0003:000000b0       ??_R0?AVBVH@Gu@physx@@@8   00000001800060b0     Cooking.obj
 0003:000000d8       ??_R0?AVBV4TriangleMesh@Gu@physx@@@8 00000001800060d8     Cooking.obj
 0003:00000108       ??_R0?AUSlab@NodeAllocator@Gu@physx@@@8 0000000180006108     Cooking.obj
 0003:00000140       ??_R0?AVtype_info@@@8      0000000180006140     MSVCRT:std_type_info_static.obj
 0003:00000160       __imp_getInsertionCallback 0000000180006160     PhysXCommon_64:PhysXCommon_64.dll
 0003:00000168       __imp_??0BV4TriangleMesh@Gu@physx@@QEAA@AEBUPxTriangleMeshInternalData@2@@Z 0000000180006168     PhysXCommon_64:PhysXCommon_64.dll
 0003:00000170       __imp_cookBVH              0000000180006170     PhysXCommon_64:PhysXCommon_64.dll
 0003:00000178       __imp_createBVH            0000000180006178     PhysXCommon_64:PhysXCommon_64.dll
 0003:00000180       __imp_cookHeightField      0000000180006180     PhysXCommon_64:PhysXCommon_64.dll
 0003:00000188       __imp_createHeightField    0000000180006188     PhysXCommon_64:PhysXCommon_64.dll
 0003:00000190       __imp_cookConvexMesh       0000000180006190     PhysXCommon_64:PhysXCommon_64.dll
 0003:00000198       __imp_createConvexMesh     0000000180006198     PhysXCommon_64:PhysXCommon_64.dll
 0003:000001a0       __imp_validateConvexMesh   00000001800061a0     PhysXCommon_64:PhysXCommon_64.dll
 0003:000001a8       __imp_computeHullPolygons  00000001800061a8     PhysXCommon_64:PhysXCommon_64.dll
 0003:000001b0       __imp_validateTriangleMesh 00000001800061b0     PhysXCommon_64:PhysXCommon_64.dll
 0003:000001b8       __imp_createTriangleMesh   00000001800061b8     PhysXCommon_64:PhysXCommon_64.dll
 0003:000001c0       __imp_cookTriangleMesh     00000001800061c0     PhysXCommon_64:PhysXCommon_64.dll
 0003:000001c8       __imp_cookTetrahedronMesh  00000001800061c8     PhysXCommon_64:PhysXCommon_64.dll
 0003:000001d0       __imp_createTetrahedronMesh 00000001800061d0     PhysXCommon_64:PhysXCommon_64.dll
 0003:000001d8       __imp_cookSoftBodyMesh     00000001800061d8     PhysXCommon_64:PhysXCommon_64.dll
 0003:000001e0       __imp_createSoftBodyMesh   00000001800061e0     PhysXCommon_64:PhysXCommon_64.dll
 0003:000001e8       __imp_computeModelsMapping 00000001800061e8     PhysXCommon_64:PhysXCommon_64.dll
 0003:000001f0       __imp_computeCollisionData 00000001800061f0     PhysXCommon_64:PhysXCommon_64.dll
 0003:000001f8       __imp_computeSimulationData 00000001800061f8     PhysXCommon_64:PhysXCommon_64.dll
 0003:00000200       __imp_assembleSoftBodyMesh 0000000180006200     PhysXCommon_64:PhysXCommon_64.dll
 0003:00000208       __imp_assembleSoftBodyMesh_Sim 0000000180006208     PhysXCommon_64:PhysXCommon_64.dll
 0003:00000210       __imp_?release@AABBTreeBounds@Gu@physx@@QEAAXXZ 0000000180006210     PhysXCommon_64:PhysXCommon_64.dll
 0003:00000218       __imp_??0BVH@Gu@physx@@QEAA@AEBUPxBVHInternalData@2@@Z 0000000180006218     PhysXCommon_64:PhysXCommon_64.dll
 0003:00000220       \177PhysXCommon_64_NULL_THUNK_DATA_DLA 0000000180006220     PhysXCommon_64:PhysXCommon_64.dll
 0003:00000228       __imp_PxGetBroadcastAllocator 0000000180006228     PhysXFoundation_64:PhysXFoundation_64.dll
 0003:00000230       \177PhysXFoundation_64_NULL_THUNK_DATA_DLA 0000000180006230     PhysXFoundation_64:PhysXFoundation_64.dll
 0003:000002a8       __hmod__PhysXCommon_64_dll 00000001800062a8     PhysXCommon_64:PhysXCommon_64.dll
 0003:000002b0       __hmod__PhysXFoundation_64_dll 00000001800062b0     PhysXFoundation_64:PhysXFoundation_64.dll
 0003:000002b8       ?DloadKernel32@@3PEAUHINSTANCE__@@EA 00000001800062b8     Delayimp:delayhlp.obj
 0003:000002c0       ?DloadAcquireSRWLockExclusive@@3P6AXPEA_K@ZEA 00000001800062c0     Delayimp:delayhlp.obj
 0003:000002c8       ?DloadReleaseSRWLockExclusive@@3P6AXPEA_K@ZEA 00000001800062c8     Delayimp:delayhlp.obj
 0003:000002d0       ?DloadSrwLock@@3_KA        00000001800062d0     Delayimp:delayhlp.obj
 0003:000002d8       ?DloadSectionLockCount@@3KA 00000001800062d8     Delayimp:delayhlp.obj
 0003:000002dc       ?DloadSectionOldProtection@@3KA 00000001800062dc     Delayimp:delayhlp.obj
 0003:000002e0       ?DloadSectionCommitPermanent@@3KA 00000001800062e0     Delayimp:delayhlp.obj
 0003:000002f0       ?__type_info_root_node@@3U__type_info_node@@A 00000001800062f0     MSVCRT:tncleanup.obj
 0003:00000308       ?_OptionsStorage@?1??__local_stdio_printf_options@@9@4_KA 0000000180006308     MSVCRT:default_local_stdio_options.obj
 0003:00000310       ?_OptionsStorage@?1??__local_stdio_scanf_options@@9@4_KA 0000000180006310     MSVCRT:default_local_stdio_options.obj
 0003:00000318       __scrt_current_native_startup_state 0000000180006318     MSVCRT:utility.obj
 0003:00000320       __scrt_native_startup_lock 0000000180006320     MSVCRT:utility.obj
 0003:00000360       __scrt_debugger_hook_flag  0000000180006360     MSVCRT:utility_desktop.obj
 0003:00000364       __favor                    0000000180006364     MSVCRT:cpu_disp.obj
 0003:00000368       __dyn_tls_init_callback    0000000180006368     <common>

 entry point at        0001:000015c4

 Static symbols

 0000:ffff6000       .debug$S                   0000000180000000     PhysXCooking_64.exp
 0000:ffff6000       .debug$S                   0000000180000000     ucrt:api-ms-win-crt-heap-l1-1-0.dll
 0000:ffff6000       .debug$S                   0000000180000000     ucrt:api-ms-win-crt-runtime-l1-1-0.dll
 0000:ffff6000       .debug$S                   0000000180000000     ucrt:api-ms-win-crt-runtime-l1-1-0.dll
 0000:ffff6000       .debug$S                   0000000180000000     ucrt:api-ms-win-crt-runtime-l1-1-0.dll
 0000:ffff6000       .debug$S                   0000000180000000     ucrt:api-ms-win-crt-runtime-l1-1-0.dll
 0000:ffff6000       .debug$S                   0000000180000000     ucrt:api-ms-win-crt-runtime-l1-1-0.dll
 0000:ffff6000       .debug$S                   0000000180000000     ucrt:api-ms-win-crt-runtime-l1-1-0.dll
 0000:ffff6000       .debug$S                   0000000180000000     ucrt:api-ms-win-crt-runtime-l1-1-0.dll
 0000:ffff6000       .debug$S                   0000000180000000     ucrt:api-ms-win-crt-runtime-l1-1-0.dll
 0000:ffff6000       .debug$S                   0000000180000000     ucrt:api-ms-win-crt-runtime-l1-1-0.dll
 0000:ffff6000       .debug$S                   0000000180000000     ucrt:api-ms-win-crt-runtime-l1-1-0.dll
 0000:ffff6000       .debug$S                   0000000180000000     ucrt:api-ms-win-crt-runtime-l1-1-0.dll
 0000:ffff6000       .debug$S                   0000000180000000     ucrt:api-ms-win-crt-runtime-l1-1-0.dll
 0000:ffff6000       .debug$S                   0000000180000000     kernel32:KERNEL32.dll
 0000:ffff6000       .debug$S                   0000000180000000     kernel32:KERNEL32.dll
 0000:ffff6000       .debug$S                   0000000180000000     kernel32:KERNEL32.dll
 0000:ffff6000       .debug$S                   0000000180000000     kernel32:KERNEL32.dll
 0000:ffff6000       .debug$S                   0000000180000000     kernel32:KERNEL32.dll
 0000:ffff6000       .debug$S                   0000000180000000     kernel32:KERNEL32.dll
 0000:ffff6000       .debug$S                   0000000180000000     kernel32:KERNEL32.dll
 0000:ffff6000       .debug$S                   0000000180000000     kernel32:KERNEL32.dll
 0000:ffff6000       .debug$S                   0000000180000000     kernel32:KERNEL32.dll
 0000:ffff6000       .debug$S                   0000000180000000     kernel32:KERNEL32.dll
 0000:ffff6000       .debug$S                   0000000180000000     kernel32:KERNEL32.dll
 0000:ffff6000       .debug$S                   0000000180000000     kernel32:KERNEL32.dll
 0000:ffff6000       .debug$S                   0000000180000000     kernel32:KERNEL32.dll
 0000:ffff6000       .debug$S                   0000000180000000     kernel32:KERNEL32.dll
 0000:ffff6000       .debug$S                   0000000180000000     kernel32:KERNEL32.dll
 0000:ffff6000       .debug$S                   0000000180000000     kernel32:KERNEL32.dll
 0000:ffff6000       .debug$S                   0000000180000000     kernel32:KERNEL32.dll
 0000:ffff6000       .debug$S                   0000000180000000     kernel32:KERNEL32.dll
 0000:ffff6000       .debug$S                   0000000180000000     kernel32:KERNEL32.dll
 0000:ffff6000       .debug$S                   0000000180000000     kernel32:KERNEL32.dll
 0000:ffff6000       .debug$S                   0000000180000000     kernel32:KERNEL32.dll
 0000:ffff6000       .debug$S                   0000000180000000     kernel32:KERNEL32.dll
 0000:ffff6000       .debug$S                   0000000180000000     kernel32:KERNEL32.dll
 0000:ffff6000       .debug$S                   0000000180000000     kernel32:KERNEL32.dll
 0000:ffff6000       .debug$S                   0000000180000000     vcruntime:VCRUNTIME140.dll
 0000:ffff6000       .debug$S                   0000000180000000     vcruntime:VCRUNTIME140.dll
 0000:ffff6000       .debug$S                   0000000180000000     vcruntime:VCRUNTIME140.dll
 0000:ffff6000       .debug$S                   0000000180000000     vcruntime:VCRUNTIME140.dll
 0000:ffff6000       .debug$S                   0000000180000000     vcruntime:VCRUNTIME140.dll
 0000:ffff6000       .debug$S                   0000000180000000     vcruntime:VCRUNTIME140.dll
 0000:ffff6000       .debug$S                   0000000180000000     vcruntime:VCRUNTIME140.dll
 0000:ffff6000       .debug$S                   0000000180000000     vcruntime:VCRUNTIME140.dll
 0000:ffff6000       .debug$S                   0000000180000000     vcruntime:VCRUNTIME140.dll
 0000:ffff6000       .debug$S                   0000000180000000     PhysXCommon_64:PhysXCommon_64.dll
 0000:ffff6000       .debug$S                   0000000180000000     PhysXCommon_64:PhysXCommon_64.dll
 0000:ffff6000       .debug$S                   0000000180000000     PhysXCommon_64:PhysXCommon_64.dll
 0000:ffff6000       .debug$S                   0000000180000000     PhysXCommon_64:PhysXCommon_64.dll
 0000:ffff6000       .debug$S                   0000000180000000     PhysXCommon_64:PhysXCommon_64.dll
 0000:ffff6000       .debug$S                   0000000180000000     PhysXCommon_64:PhysXCommon_64.dll
 0000:ffff6000       .debug$S                   0000000180000000     PhysXCommon_64:PhysXCommon_64.dll
 0000:ffff6000       .debug$S                   0000000180000000     PhysXCommon_64:PhysXCommon_64.dll
 0000:ffff6000       .debug$S                   0000000180000000     PhysXCommon_64:PhysXCommon_64.dll
 0000:ffff6000       .debug$S                   0000000180000000     PhysXCommon_64:PhysXCommon_64.dll
 0000:ffff6000       .debug$S                   0000000180000000     PhysXCommon_64:PhysXCommon_64.dll
 0000:ffff6000       .debug$S                   0000000180000000     PhysXCommon_64:PhysXCommon_64.dll
 0000:ffff6000       .debug$S                   0000000180000000     PhysXCommon_64:PhysXCommon_64.dll
 0000:ffff6000       .debug$S                   0000000180000000     PhysXCommon_64:PhysXCommon_64.dll
 0000:ffff6000       .debug$S                   0000000180000000     PhysXCommon_64:PhysXCommon_64.dll
 0000:ffff6000       .debug$S                   0000000180000000     PhysXCommon_64:PhysXCommon_64.dll
 0000:ffff6000       .debug$S                   0000000180000000     PhysXCommon_64:PhysXCommon_64.dll
 0000:ffff6000       .debug$S                   0000000180000000     PhysXCommon_64:PhysXCommon_64.dll
 0000:ffff6000       .debug$S                   0000000180000000     PhysXCommon_64:PhysXCommon_64.dll
 0000:ffff6000       .debug$S                   0000000180000000     PhysXCommon_64:PhysXCommon_64.dll
 0000:ffff6000       .debug$S                   0000000180000000     PhysXCommon_64:PhysXCommon_64.dll
 0000:ffff6000       .debug$S                   0000000180000000     PhysXCommon_64:PhysXCommon_64.dll
 0000:ffff6000       .debug$S                   0000000180000000     PhysXCommon_64:PhysXCommon_64.dll
 0000:ffff6000       .debug$S                   0000000180000000     PhysXCommon_64:PhysXCommon_64.dll
 0000:ffff6000       .debug$S                   0000000180000000     PhysXFoundation_64:PhysXFoundation_64.dll
 0001:00000000       ??__EmaxFError@vecMathTests@aos@physx@@YAXXZ 0000000180001000 f   Cooking.obj
 0001:00000010       ??__EmaxV3Error@vecMathTests@aos@physx@@YAXXZ 0000000180001010 f   Cooking.obj
 0001:00000020       ??__EmaxV4Error@vecMathTests@aos@physx@@YAXXZ 0000000180001020 f   Cooking.obj
 0001:00000030       ??__EminFError@vecMathTests@aos@physx@@YAXXZ 0000000180001030 f   Cooking.obj
 0001:00000040       ??__EminV3Error@vecMathTests@aos@physx@@YAXXZ 0000000180001040 f   Cooking.obj
 0001:00000050       ??__EminV4Error@vecMathTests@aos@physx@@YAXXZ 0000000180001050 f   Cooking.obj
 0001:000008f0       $LN24                      00000001800018f0     WindowsCookingDelayLoadHook.obj
 0001:000012a8       ?dllmain_crt_dispatch@@YAHQEAUHINSTANCE__@@KQEAX@Z 00000001800022a8 f   MSVCRT:dll_dllmain.obj
 0001:000012f8       ?dllmain_crt_process_attach@@YAHQEAUHINSTANCE__@@QEAX@Z 00000001800022f8 f   MSVCRT:dll_dllmain.obj
 0001:00001410       ?dllmain_crt_process_detach@@YAH_N@Z 0000000180002410 f   MSVCRT:dll_dllmain.obj
 0001:00001490       ?dllmain_dispatch@@YAHQEAUHINSTANCE__@@KQEAX@Z 0000000180002490 f   MSVCRT:dll_dllmain.obj
 0001:00001e20       $$000000                   0000000180002e20     MSVCRT:guard_dispatch.obj
 0001:00001e40       $$000000                   0000000180002e40     MSVCRT:guard_xfg_dispatch.obj
 0001:00001e56       ?fin$0@?0??dllmain_crt_process_attach@@YAHQEAUHINSTANCE__@@QEAX@Z@4HA 0000000180002e56 f   MSVCRT:dll_dllmain.obj
 0001:00001e6d       ?fin$0@?0??dllmain_crt_process_detach@@YAH_N@Z@4HA 0000000180002e6d f   MSVCRT:dll_dllmain.obj
 0001:00001e86       ?fin$1@?0??dllmain_crt_process_detach@@YAH_N@Z@4HA 0000000180002e86 f   MSVCRT:dll_dllmain.obj
 0001:00001e9a       ?filt$0@?0??dllmain_dispatch@@YAHQEAUHINSTANCE__@@KQEAX@Z@4HA 0000000180002e9a f   MSVCRT:dll_dllmain.obj
 0001:00001ed0       __scrt_is_nonwritable_in_current_image$filt$0 0000000180002ed0 f   MSVCRT:utility.obj
 0002:00000198       ?minFError$initializer$@vecMathTests@aos@physx@@3P6AXXZEA 0000000180003198     Cooking.obj
 0002:000001a0       ?maxFError$initializer$@vecMathTests@aos@physx@@3P6AXXZEA 00000001800031a0     Cooking.obj
 0002:000001a8       ?minV3Error$initializer$@vecMathTests@aos@physx@@3P6AXXZEA 00000001800031a8     Cooking.obj
 0002:000001b0       ?maxV3Error$initializer$@vecMathTests@aos@physx@@3P6AXXZEA 00000001800031b0     Cooking.obj
 0002:000001b8       ?minV4Error$initializer$@vecMathTests@aos@physx@@3P6AXXZEA 00000001800031b8     Cooking.obj
 0002:000001c0       ?maxV4Error$initializer$@vecMathTests@aos@physx@@3P6AXXZEA 00000001800031c0     Cooking.obj
 0002:00000200       ?minus1w@?A0x328ec423@aos@physx@@3QBMB 0000000180003200     Cooking.obj
 0002:00000210       ?gMaskXYZ@internalWindowsSimd@aos@physx@@3QBIB 0000000180003210     Cooking.obj
 0002:00000ac8       $unwind$??_EPxFoundation@physx@@MEAAPEAXI@Z 0000000180003ac8     Cooking.obj
 0002:00000ac8       $unwind$?DloadAcquireSectionWriteAccess@@YAXXZ 0000000180003ac8     Delayimp:delayhlp.obj
 0002:00000ac8       $unwind$??_Gtype_info@@UEAAPEAXI@Z 0000000180003ac8     MSVCRT:std_type_info_static.obj
 0002:00000ac8       $unwind$__scrt_initialize_onexit_tables 0000000180003ac8     MSVCRT:utility.obj
 0002:00000ac8       $unwind$__scrt_release_startup_lock 0000000180003ac8     MSVCRT:utility.obj
 0002:00000ac8       $unwind$__scrt_uninitialize_crt 0000000180003ac8     MSVCRT:utility.obj
 0002:00000ad0       $chain$0$??_EPxFoundation@physx@@MEAAPEAXI@Z 0000000180003ad0     Cooking.obj
 0002:00000ae4       $chain$1$??_EPxFoundation@physx@@MEAAPEAXI@Z 0000000180003ae4     Cooking.obj
 0002:00000af4       $unwind$??1AABBTreeBuildParams@Gu@physx@@QEAA@XZ 0000000180003af4     Cooking.obj
 0002:00000af4       $unwind$?reset@AABBTreeBuildParams@Gu@physx@@QEAAXXZ 0000000180003af4     Cooking.obj
 0002:00000af4       $unwind$_DllMainCRTStartup 0000000180003af4     MSVCRT:dll_dllmain.obj
 0002:00000b04       $unwind$?allocate@?$PxArray@USlab@NodeAllocator@Gu@physx@@V?$PxReflectionAllocator@USlab@NodeAllocator@Gu@physx@@@4@@physx@@IEAAPEAUSlab@NodeAllocator@Gu@2@I@Z 0000000180003b04     Cooking.obj
 0002:00000b0c       $chain$0$?allocate@?$PxArray@USlab@NodeAllocator@Gu@physx@@V?$PxReflectionAllocator@USlab@NodeAllocator@Gu@physx@@@4@@physx@@IEAAPEAUSlab@NodeAllocator@Gu@2@I@Z 0000000180003b0c     Cooking.obj
 0002:00000b20       $chain$3$?allocate@?$PxArray@USlab@NodeAllocator@Gu@physx@@V?$PxReflectionAllocator@USlab@NodeAllocator@Gu@physx@@@4@@physx@@IEAAPEAUSlab@NodeAllocator@Gu@2@I@Z 0000000180003b20     Cooking.obj
 0002:00000b38       $chain$4$?allocate@?$PxArray@USlab@NodeAllocator@Gu@physx@@V?$PxReflectionAllocator@USlab@NodeAllocator@Gu@physx@@@4@@physx@@IEAAPEAUSlab@NodeAllocator@Gu@2@I@Z 0000000180003b38     Cooking.obj
 0002:00000b48       $unwind$?recreate@?$PxArray@USlab@NodeAllocator@Gu@physx@@V?$PxReflectionAllocator@USlab@NodeAllocator@Gu@physx@@@4@@physx@@IEAAXI@Z 0000000180003b48     Cooking.obj
 0002:00000b58       $chain$0$?recreate@?$PxArray@USlab@NodeAllocator@Gu@physx@@V?$PxReflectionAllocator@USlab@NodeAllocator@Gu@physx@@@4@@physx@@IEAAXI@Z 0000000180003b58     Cooking.obj
 0002:00000b6c       $chain$1$?recreate@?$PxArray@USlab@NodeAllocator@Gu@physx@@V?$PxReflectionAllocator@USlab@NodeAllocator@Gu@physx@@@4@@physx@@IEAAXI@Z 0000000180003b6c     Cooking.obj
 0002:00000b7c       $unwind$??$copy@V?$PxReflectionAllocator@USlab@NodeAllocator@Gu@physx@@@physx@@@?$PxArray@USlab@NodeAllocator@Gu@physx@@V?$PxReflectionAllocator@USlab@NodeAllocator@Gu@physx@@@4@@physx@@IEAAXAEBV01@@Z 0000000180003b7c     Cooking.obj
 0002:00000b7c       $unwind$??0NodeAllocator@Gu@physx@@QEAA@AEBV012@@Z 0000000180003b7c     Cooking.obj
 0002:00000b7c       $unwind$?DloadGetSRWLockFunctionPointers@@YAEXZ 0000000180003b7c     Delayimp:delayhlp.obj
 0002:00000b7c       $unwind$_RTC_Initialize    0000000180003b7c     MSVCRT:initsect.obj
 0002:00000b7c       $unwind$_RTC_Terminate     0000000180003b7c     MSVCRT:initsect.obj
 0002:00000b88       $unwind$??4NodeAllocator@Gu@physx@@QEAAAEAV012@AEBV012@@Z 0000000180003b88     Cooking.obj
 0002:00000b9c       $unwind$PxCreateBVHInternal 0000000180003b9c     Cooking.obj
 0002:00000b9c       $unwind$PxCreateTriangleMeshInternal 0000000180003b9c     Cooking.obj
 0002:00000ba8       $unwind$?cookingDelayHook@@YAP6A_JXZIPEAUDelayLoadInfo@@@Z 0000000180003ba8     WindowsCookingDelayLoadHook.obj
 0002:00000ba8       $unwind$?DloadReleaseSectionWriteAccess@@YAXXZ 0000000180003ba8     Delayimp:delayhlp.obj
 0002:00000ba8       $unwind$__scrt_initialize_default_local_stdio_options 0000000180003ba8     MSVCRT:default_local_stdio_options.obj
 0002:00000ba8       $unwind$?dllmain_crt_dispatch@@YAHQEAUHINSTANCE__@@KQEAX@Z 0000000180003ba8     MSVCRT:dll_dllmain.obj
 0002:00000ba8       $unwind$DllMain            0000000180003ba8     MSVCRT:dll_dllmain_stub.obj
 0002:00000ba8       $unwind$__scrt_acquire_startup_lock 0000000180003ba8     MSVCRT:utility.obj
 0002:00000ba8       $unwind$__scrt_dllmain_after_initialize_c 0000000180003ba8     MSVCRT:utility.obj
 0002:00000ba8       $unwind$__scrt_dllmain_before_initialize_c 0000000180003ba8     MSVCRT:utility.obj
 0002:00000ba8       $unwind$__scrt_dllmain_crt_thread_attach 0000000180003ba8     MSVCRT:utility.obj
 0002:00000ba8       $unwind$__scrt_dllmain_crt_thread_detach 0000000180003ba8     MSVCRT:utility.obj
 0002:00000ba8       $unwind$__scrt_dllmain_uninitialize_c 0000000180003ba8     MSVCRT:utility.obj
 0002:00000ba8       $unwind$__scrt_dllmain_uninitialize_critical 0000000180003ba8     MSVCRT:utility.obj
 0002:00000ba8       $unwind$__scrt_initialize_crt 0000000180003ba8     MSVCRT:utility.obj
 0002:00000bb0       $chain$1$?cookingDelayHook@@YAP6A_JXZIPEAUDelayLoadInfo@@@Z 0000000180003bb0     WindowsCookingDelayLoadHook.obj
 0002:00000bc8       $chain$3$?cookingDelayHook@@YAP6A_JXZIPEAUDelayLoadInfo@@@Z 0000000180003bc8     WindowsCookingDelayLoadHook.obj
 0002:00000bc8       $chain$5$?cookingDelayHook@@YAP6A_JXZIPEAUDelayLoadInfo@@@Z 0000000180003bc8     WindowsCookingDelayLoadHook.obj
 0002:00000be0       $chain$6$?cookingDelayHook@@YAP6A_JXZIPEAUDelayLoadInfo@@@Z 0000000180003be0     WindowsCookingDelayLoadHook.obj
 0002:00000bf0       xdata                      0000000180003bf0     PhysXCommon_64:PhysXCommon_64.dll
 0002:00000bf8       xdata                      0000000180003bf8     PhysXFoundation_64:PhysXFoundation_64.dll
 0002:00000c00       $unwind$?DloadObtainSection@@YAPEAXPEAK0@Z 0000000180003c00     Delayimp:delayhlp.obj
 0002:00000c10       $unwind$?DloadMakePermanentImageCommit@@YAXPEAX_K@Z 0000000180003c10     Delayimp:delayhlp.obj
 0002:00000c1c       $unwind$?DloadProtectSection@@YAXKPEAK@Z 0000000180003c1c     Delayimp:delayhlp.obj
 0002:00000c2c       $unwind$__delayLoadHelper2 0000000180003c2c     Delayimp:delayhlp.obj
 0002:00000c48       $unwind$?dllmain_crt_process_attach@@YAHQEAUHINSTANCE__@@QEAX@Z 0000000180003c48     MSVCRT:dll_dllmain.obj
 0002:00000c84       $unwind$?fin$0@?0??dllmain_crt_process_attach@@YAHQEAUHINSTANCE__@@QEAX@Z@4HA 0000000180003c84     MSVCRT:dll_dllmain.obj
 0002:00000c84       $unwind$?fin$0@?0??dllmain_crt_process_detach@@YAH_N@Z@4HA 0000000180003c84     MSVCRT:dll_dllmain.obj
 0002:00000c84       $unwind$?fin$1@?0??dllmain_crt_process_detach@@YAH_N@Z@4HA 0000000180003c84     MSVCRT:dll_dllmain.obj
 0002:00000c8c       $unwind$?dllmain_crt_process_detach@@YAH_N@Z 0000000180003c8c     MSVCRT:dll_dllmain.obj
 0002:00000ce0       $unwind$?dllmain_dispatch@@YAHQEAUHINSTANCE__@@KQEAX@Z 0000000180003ce0     MSVCRT:dll_dllmain.obj
 0002:00000d08       $unwind$?filt$0@?0??dllmain_dispatch@@YAHQEAUHINSTANCE__@@KQEAX@Z@4HA 0000000180003d08     MSVCRT:dll_dllmain.obj
 0002:00000d10       $unwind$__security_init_cookie 0000000180003d10     MSVCRT:gs_support.obj
 0002:00000d1c       $unwind$__scrt_is_nonwritable_in_current_image 0000000180003d1c     MSVCRT:utility.obj
 0002:00000d3c       $unwind$__scrt_is_nonwritable_in_current_image$filt$0 0000000180003d3c     MSVCRT:utility.obj
 0002:00000d44       $unwind$__scrt_dllmain_exception_filter 0000000180003d44     MSVCRT:utility.obj
 0002:00000d58       $unwind$__scrt_fastfail    0000000180003d58     MSVCRT:utility_desktop.obj
 0002:00000d68       $xdatasym                  0000000180003d68     MSVCRT:guard_dispatch.obj
 0002:00000d70       $xdatasym                  0000000180003d70     MSVCRT:guard_xfg_dispatch.obj
 0002:00000d74       $unwind$__isa_available_init 0000000180003d74     MSVCRT:cpu_disp.obj
 0002:00001330       .edata                     0000000180004330     PhysXCooking_64.exp
 0002:00001358       rgpv                       0000000180004358     PhysXCooking_64.exp
 0002:00001440       rgszName                   0000000180004440     PhysXCooking_64.exp
 0002:00001528       rgwOrd                     0000000180004528     PhysXCooking_64.exp
 0002:0000159c       szName                     000000018000459c     PhysXCooking_64.exp
 0002:000015b0       $N00001                    00000001800045b0     PhysXCooking_64.exp
 0002:000015d4       $N00002                    00000001800045d4     PhysXCooking_64.exp
 0002:00001603       $N00003                    0000000180004603     PhysXCooking_64.exp
 0002:0000162a       $N00004                    000000018000462a     PhysXCooking_64.exp
 0002:00001681       $N00005                    0000000180004681     PhysXCooking_64.exp
 0002:000016ac       $N00006                    00000001800046ac     PhysXCooking_64.exp
 0002:000016d2       $N00007                    00000001800046d2     PhysXCooking_64.exp
 0002:000016f1       $N00008                    00000001800046f1     PhysXCooking_64.exp
 0002:00001715       $N00009                    0000000180004715     PhysXCooking_64.exp
 0002:0000173c       $N00010                    000000018000473c     PhysXCooking_64.exp
 0002:00001765       $N00011                    0000000180004765     PhysXCooking_64.exp
 0002:00001784       $N00012                    0000000180004784     PhysXCooking_64.exp
 0002:000017b7       $N00013                    00000001800047b7     PhysXCooking_64.exp
 0002:000017ed       $N00014                    00000001800047ed     PhysXCooking_64.exp
 0002:00001825       $N00015                    0000000180004825     PhysXCooking_64.exp
 0002:00001857       $N00016                    0000000180004857     PhysXCooking_64.exp
 0002:00001883       $N00017                    0000000180004883     PhysXCooking_64.exp
 0002:0000189f       $N00018                    000000018000489f     PhysXCooking_64.exp
 0002:000018c9       $N00019                    00000001800048c9     PhysXCooking_64.exp
 0002:00001905       $N00020                    0000000180004905     PhysXCooking_64.exp
 0002:00001940       $N00021                    0000000180004940     PhysXCooking_64.exp
 0002:0000197b       $N00022                    000000018000497b     PhysXCooking_64.exp
 0002:000019b0       $N00023                    00000001800049b0     PhysXCooking_64.exp
 0002:000019ec       $N00024                    00000001800049ec     PhysXCooking_64.exp
 0002:00001a1f       $N00025                    0000000180004a1f     PhysXCooking_64.exp
 0002:00001a52       $N00026                    0000000180004a52     PhysXCooking_64.exp
 0002:00001a8c       $N00027                    0000000180004a8c     PhysXCooking_64.exp
 0002:00001ac6       $N00028                    0000000180004ac6     PhysXCooking_64.exp
 0002:00001af3       $N00029                    0000000180004af3     PhysXCooking_64.exp
 0002:00001b26       $N00030                    0000000180004b26     PhysXCooking_64.exp
 0002:00001b54       $N00031                    0000000180004b54     PhysXCooking_64.exp
 0002:00001b81       $N00032                    0000000180004b81     PhysXCooking_64.exp
 0002:00001bbd       $N00033                    0000000180004bbd     PhysXCooking_64.exp
 0002:00001bfa       $N00034                    0000000180004bfa     PhysXCooking_64.exp
 0002:00001c2a       $N00035                    0000000180004c2a     PhysXCooking_64.exp
 0002:00001c41       $N00036                    0000000180004c41     PhysXCooking_64.exp
 0002:00001c5c       $N00037                    0000000180004c5c     PhysXCooking_64.exp
 0002:00001c73       $N00038                    0000000180004c73     PhysXCooking_64.exp
 0002:00001c89       $N00039                    0000000180004c89     PhysXCooking_64.exp
 0002:00001ca0       $N00040                    0000000180004ca0     PhysXCooking_64.exp
 0002:00001cb8       $N00041                    0000000180004cb8     PhysXCooking_64.exp
 0002:00001cc2       $N00042                    0000000180004cc2     PhysXCooking_64.exp
 0002:00001cd3       $N00043                    0000000180004cd3     PhysXCooking_64.exp
 0002:00001ce5       $N00044                    0000000180004ce5     PhysXCooking_64.exp
 0002:00001cf8       $N00045                    0000000180004cf8     PhysXCooking_64.exp
 0002:00001d0e       $N00046                    0000000180004d0e     PhysXCooking_64.exp
 0002:00001d21       $N00047                    0000000180004d21     PhysXCooking_64.exp
 0002:00001d2d       $N00048                    0000000180004d2d     PhysXCooking_64.exp
 0002:00001d41       $N00049                    0000000180004d41     PhysXCooking_64.exp
 0002:00001d54       $N00050                    0000000180004d54     PhysXCooking_64.exp
 0002:00001d68       $N00051                    0000000180004d68     PhysXCooking_64.exp
 0002:00001d7d       $N00052                    0000000180004d7d     PhysXCooking_64.exp
 0002:00001d95       $N00053                    0000000180004d95     PhysXCooking_64.exp
 0002:00001daa       $N00054                    0000000180004daa     PhysXCooking_64.exp
 0002:00001dc7       $N00055                    0000000180004dc7     PhysXCooking_64.exp
 0002:00001de8       $N00056                    0000000180004de8     PhysXCooking_64.exp
 0002:00001e07       $N00057                    0000000180004e07     PhysXCooking_64.exp
 0002:00001e1c       $N00058                    0000000180004e1c     PhysXCooking_64.exp
 0002:00002000       .idata$6                   0000000180005000     kernel32:KERNEL32.dll
 0002:0000207e       .idata$6                   000000018000507e     vcruntime:VCRUNTIME140.dll
 0002:00002148       .idata$6                   0000000180005148     ucrt:api-ms-win-crt-heap-l1-1-0.dll
 0002:00002168       .idata$6                   0000000180005168     ucrt:api-ms-win-crt-runtime-l1-1-0.dll
 0003:00000240       ?maxV3Error@vecMathTests@aos@physx@@3T__m128@@B 0000000180006240     Cooking.obj
 0003:00000250       ?minFError@vecMathTests@aos@physx@@3T__m128@@B 0000000180006250     Cooking.obj
 0003:00000260       ?maxV4Error@vecMathTests@aos@physx@@3T__m128@@B 0000000180006260     Cooking.obj
 0003:00000270       ?minV4Error@vecMathTests@aos@physx@@3T__m128@@B 0000000180006270     Cooking.obj
 0003:00000280       ?minV3Error@vecMathTests@aos@physx@@3T__m128@@B 0000000180006280     Cooking.obj
 0003:00000290       ?maxFError@vecMathTests@aos@physx@@3T__m128@@B 0000000180006290     Cooking.obj
 0003:000002a0       ?gCookingDelayLoadHook@@3PEBVPxDelayLoadHook@physx@@EB 00000001800062a0     WindowsCookingDelayLoadHook.obj
 0003:00000300       ?__proc_attached@@3HA      0000000180006300     MSVCRT:dll_dllmain.obj
 0003:00000328       ?is_initialized_as_dll@@3_NA 0000000180006328     MSVCRT:utility.obj
 0003:00000329       ?module_local_atexit_table_initialized@@3_NA 0000000180006329     MSVCRT:utility.obj
 0003:00000330       ?module_local_atexit_table@@3U_onexit_table_t@@A 0000000180006330     MSVCRT:utility.obj
 0003:00000348       ?module_local_at_quick_exit_table@@3U_onexit_table_t@@A 0000000180006348     MSVCRT:utility.obj
 0005:000000a0       $R000000                   00000001800080a0     PhysXCooking.res
 0005:000003d0       $R000330                   00000001800083d0     PhysXCooking.res
